------------------------------------------------------------
Timing Analyzer Summary
------------------------------------------------------------

Type  : Slow 1100mV 85C Model Setup 'CLOCK_50'
Slack : -10.115
TNS   : -3787.815

Type  : Slow 1100mV 85C Model Hold 'CLOCK_50'
Slack : 0.465
TNS   : 0.000

Type  : Slow 1100mV 85C Model Recovery 'KEY[1]'
Slack : -4.140
TNS   : -4.140

Type  : Slow 1100mV 85C Model Removal 'KEY[1]'
Slack : 1.010
TNS   : 0.000

Type  : Slow 1100mV 85C Model Minimum Pulse Width 'CLOCK_50'
Slack : -0.538
TNS   : -516.913

Type  : Slow 1100mV 85C Model Minimum Pulse Width 'KEY[1]'
Slack : -0.538
TNS   : -0.997

Type  : Slow 1100mV 0C Model Setup 'CLOCK_50'
Slack : -10.076
TNS   : -3684.979

Type  : Slow 1100mV 0C Model Hold 'CLOCK_50'
Slack : 0.480
TNS   : 0.000

Type  : Slow 1100mV 0C Model Recovery 'KEY[1]'
Slack : -4.355
TNS   : -4.355

Type  : Slow 1100mV 0C Model Removal 'KEY[1]'
Slack : 1.137
TNS   : 0.000

Type  : Slow 1100mV 0C Model Minimum Pulse Width 'CLOCK_50'
Slack : -0.538
TNS   : -456.467

Type  : Slow 1100mV 0C Model Minimum Pulse Width 'KEY[1]'
Slack : -0.538
TNS   : -1.023

Type  : Fast 1100mV 85C Model Setup 'CLOCK_50'
Slack : -4.730
TNS   : -1723.119

Type  : Fast 1100mV 85C Model Hold 'CLOCK_50'
Slack : 0.184
TNS   : 0.000

Type  : Fast 1100mV 85C Model Recovery 'KEY[1]'
Slack : -1.385
TNS   : -1.385

Type  : Fast 1100mV 85C Model Removal 'KEY[1]'
Slack : 0.175
TNS   : 0.000

Type  : Fast 1100mV 85C Model Minimum Pulse Width 'KEY[1]'
Slack : -0.601
TNS   : -1.785

Type  : Fast 1100mV 85C Model Minimum Pulse Width 'CLOCK_50'
Slack : -0.409
TNS   : -265.600

Type  : Fast 1100mV 0C Model Setup 'CLOCK_50'
Slack : -4.212
TNS   : -1475.510

Type  : Fast 1100mV 0C Model Hold 'CLOCK_50'
Slack : 0.172
TNS   : 0.000

Type  : Fast 1100mV 0C Model Recovery 'KEY[1]'
Slack : -1.201
TNS   : -1.201

Type  : Fast 1100mV 0C Model Removal 'KEY[1]'
Slack : 0.162
TNS   : 0.000

Type  : Fast 1100mV 0C Model Minimum Pulse Width 'KEY[1]'
Slack : -0.642
TNS   : -1.946

Type  : Fast 1100mV 0C Model Minimum Pulse Width 'CLOCK_50'
Slack : -0.446
TNS   : -316.398

------------------------------------------------------------
